[devildrey33.es/Lab/Ejemplos/BannerTest/MultiCubo.html]
[backblue.gif]
[fade.gif]
[index.html]
[devildrey33.es/Web/Graficos/250x200_MultiCubo.png]
[ajax.googleapis.com/ajax/libs/jquery/3.1.1/jquery.min.js]
[ajax.googleapis.com/ajax/libs/jqueryui/1.12.1/jquery-ui.min.js]
[devildrey33.es/Web/JS/3rdParty/codemirror.min.js]
[devildrey33.es/Web/JS/3rdParty/three-r130.min.js]
[devildrey33.es/Web/Cache/EntradasBlog.js]
[devildrey33.es/Web/Cache/devildrey33.min.js]
[devildrey33.es/Lab/Ejemplos/BannerTest/AdiestramientoCubos.html]
[devildrey33.es/Lab/Ejemplos/BannerTest/WormHole.html]
[devildrey33.es/Lab/Ejemplos/BannerTest/Sinusoidal.html]
[devildrey33.es/Lab/Ejemplos/BannerTest/EspectroAudible.html]
[devildrey33.es/Lab/Ejemplos/BannerTest/Anillos.html]
[devildrey33.es/Lab/Ejemplos/BannerTest/CyberParasit.html]
[devildrey33.es/Lab/Ejemplos/BannerTest/EsferaVShader.html]
[devildrey33.es/Lab/Ejemplos/BannerTest/EspectroAudible02.html]
[devildrey33.es/Lab/Ejemplos/BannerTest/EspectroAudible08.html]
[devildrey33.es/Lab/Ejemplos/BannerTest/EspiralRGB.html]
[devildrey33.es/Lab/Ejemplos/BannerTest/GeometriaBasica.html]
[devildrey33.es/Lab/Ejemplos/BannerTest/HexTunnel.html]
[devildrey33.es/Lab/Ejemplos/BannerTest/NuevoCanvas2D.html]
[devildrey33.es/Lab/Ejemplos/BannerTest/NuevoCanvasTHREE.html]
[devildrey33.es/Lab/Ejemplos/BannerTest/ReunionDeCirculos.html]
[devildrey33.es/Lab/Ejemplos/BannerTest/TestObjetoAnimacion.html]
[devildrey33.es/Lab/Ejemplos/ChromaticMotionBlur/script.html]
[devildrey33.es/Lab/Ejemplos/ChromaticMotionBlur/style.html]
[devildrey33.es/Lab/Ejemplos/CSS/Propiedades/border-image.html]
[devildrey33.es/Lab/Ejemplos/Domino/CSS/Domino.html]
[devildrey33.es/Lab/Ejemplos/Domino/JS/Domino.html]
[devildrey33.es/Lab/Ejemplos/Domino/JS/Domino_Ficha.html]
[devildrey33.es/Lab/Ejemplos/Domino/JS/Domino_Opciones.html]
[devildrey33.es/Lab/Ejemplos/Domino/JS/Domino_Partida.html]
[devildrey33.es/Lab/Ejemplos/Domino/JS/Domino_Texturas.html]
[devildrey33.es/Lab/Ejemplos/Domino/JS/Domino_UI.html]
[devildrey33.es/Lab/Ejemplos/Solitario/Solitario.html]
[devildrey33.es/Lab/Ejemplos/Solitario/Solitario-2.html]
[devildrey33.es/Lab/Ejemplos/SpaceInvaders404/SpaceInvaders404.html]
[devildrey33.es/Lab/Ejemplos/SpaceInvaders404/SpaceInvaders404-2.html]
[devildrey33.es/Lab/Ejemplos/Tutorial_HTML5/Tutorial_HTML5_5_Ejemplo.html]
[devildrey33.es/Lab/Ejemplos/Tutorial_HTML5/Tutorial_HTML5_6_Ejemplo.html]
[devildrey33.es/Lab/Ejemplos/Tutorial_HTML5/Tutorial_HTML5_7_Ejemplo.html]
[devildrey33.es/Lab/Ejemplos/Tutorial_HTML5/Tutorial_HTML5_8_Ejemplo.html]
[devildrey33.es/Lab/Ejemplos/BannerTest/MultiCubo.html]
[devildrey33.es/Web/Cache/devildrey33.min.css]
[devildrey33.es/Lab/Ejemplos/BannerTest/AdiestramientoCubos.html]
[devildrey33.es/Lab/Ejemplos/BannerTest/WormHole.html]
[devildrey33.es/Lab/Ejemplos/BannerTest/Sinusoidal.html]
[devildrey33.es/Lab/Ejemplos/BannerTest/EspectroAudible.html]
[devildrey33.es/Lab/Ejemplos/BannerTest/Anillos.html]
[devildrey33.es/Lab/Ejemplos/BannerTest/CyberParasit.html]
[devildrey33.es/Lab/Ejemplos/BannerTest/EsferaVShader.html]
[devildrey33.es/Lab/Ejemplos/BannerTest/EspectroAudible02.html]
[devildrey33.es/Lab/Ejemplos/BannerTest/EspectroAudible08.html]
[devildrey33.es/Lab/Ejemplos/BannerTest/EspiralRGB.html]
[devildrey33.es/Lab/Ejemplos/BannerTest/GeometriaBasica.html]
[devildrey33.es/Lab/Ejemplos/BannerTest/HexTunnel.html]
[devildrey33.es/Lab/Ejemplos/BannerTest/NuevoCanvas2D.html]
[devildrey33.es/Lab/Ejemplos/BannerTest/NuevoCanvasTHREE.html]
[devildrey33.es/Lab/Ejemplos/BannerTest/ReunionDeCirculos.html]
[devildrey33.es/Lab/Ejemplos/BannerTest/TestObjetoAnimacion.html]
[devildrey33.es/Lab/Ejemplos/ChromaticMotionBlur/script.html]
[devildrey33.es/Lab/Ejemplos/ChromaticMotionBlur/style.html]
[devildrey33.es/Lab/Ejemplos/CSS/Propiedades/border-image.html]
[devildrey33.es/Lab/Ejemplos/Domino/CSS/Domino.html]
[devildrey33.es/Lab/Ejemplos/Domino/JS/Domino.html]
[devildrey33.es/Lab/Ejemplos/Domino/JS/Domino_Ficha.html]
[devildrey33.es/Lab/Ejemplos/Domino/JS/Domino_Opciones.html]
[devildrey33.es/Lab/Ejemplos/Tutorial_HTML5/Tutorial_HTML5_9_Ejemplo.html]
[devildrey33.es/Lab/Ejemplos/Domino/JS/Domino_Partida.html]
[devildrey33.es/Lab/Ejemplos/Domino/JS/Domino_Texturas.html]
[devildrey33.es/Lab/Ejemplos/Domino/JS/Domino_UI.html]
[devildrey33.es/Lab/Ejemplos/Solitario/Solitario.html]
[devildrey33.es/Lab/Ejemplos/Solitario/Solitario-2.html]
[devildrey33.es/Lab/Ejemplos/SpaceInvaders404/SpaceInvaders404.html]
[devildrey33.es/Lab/Ejemplos/SpaceInvaders404/SpaceInvaders404-2.html]
[devildrey33.es/Lab/Ejemplos/Tutorial_HTML5/Tutorial_HTML5_5_Ejemplo.html]
[devildrey33.es/Lab/Ejemplos/Tutorial_HTML5/Tutorial_HTML5_6_Ejemplo.html]
[devildrey33.es/Lab/Ejemplos/Tutorial_HTML5/Tutorial_HTML5_7_Ejemplo.html]
[devildrey33.es/Lab/Ejemplos/Tutorial_HTML5/Tutorial_HTML5_8_Ejemplo.html]
[devildrey33.es/Lab/Ejemplos/Tutorial_HTML5/Tutorial_HTML5_9_Ejemplo.html]
